
Running 1 test using 1 worker

Initial Teacher Pos: { x: [33m336[39m, y: [33m272[39m }
Initial Door State: { isOpen: [33mfalse[39m, isLocked: [33mtrue[39m }
Waiting for door to open...
  Γ£ÿ  1 [chromium] ΓÇ║ tests\npc_door_interaction.spec.js:3:1 ΓÇ║ NPC should unlock, enter, and lock door (14.7s)


  1) [chromium] ΓÇ║ tests\npc_door_interaction.spec.js:3:1 ΓÇ║ NPC should unlock, enter, and lock door ΓöÇ

    TimeoutError: page.waitForFunction: Timeout 10000ms exceeded.

      39 |     // Total wait ~2-3s
      40 |     console.log('Waiting for door to open...');
    > 41 |     await page.waitForFunction(() => {
         |                ^
      42 |         const d = window.game.scene.getScene('WorldScene').doorSystem.doorsMap.get('10,6');
      43 |         return d && d.getData('isOpen');
      44 |     }, null, { timeout: 10000 });
        at C:\Users\j_wah\source\repos\OpenClaw-Test\tests\npc_door_interaction.spec.js:41:16

  1 failed
    [chromium] ΓÇ║ tests\npc_door_interaction.spec.js:3:1 ΓÇ║ NPC should unlock, enter, and lock door ΓöÇΓöÇ
node.exe : npm notice
At line:1 char:1
+ & "C:\Program Files\
nodejs/node.exe" "C:\P
rogram Files\nodejs/no
de_mo ...
+ ~~~~~~~~~~~~~~~~~~~~
~~~~~~~~~~~~~~~~~~~~~~
~~~~~~~~~~~~~~~~~~~~~~
~~~~~
    + CategoryInfo    
          : NotSpeci  
  fied: (npm notice   
 :String) [], Remo    
teException
    + FullyQualifiedE 
   rrorId : NativeCo  
  mmandError
 
npm notice New minor v
ersion of npm availabl
e! 11.6.2 -> 11.9.0
npm notice Changelog: 
https://github.com/npm
/cli/releases/tag/v11.
9.0
npm notice To update r
un: npm install -g npm
@11.9.0
npm notice
